#
# There is insufficient memory for the Java Runtime Environment to continue.
# Native memory allocation (malloc) failed to allocate 32744 bytes. Error detail: Chunk::new
# Possible reasons:
#   The system is out of physical RAM or swap space
#   This process is running with CompressedOops enabled, and the Java Heap may be blocking the growth of the native heap
# Possible solutions:
#   Reduce memory load on the system
#   Increase physical memory or swap space
#   Check if swap backing store is full
#   Decrease Java heap size (-Xmx/-Xms)
#   Decrease number of Java threads
#   Decrease Java thread stack sizes (-Xss)
#   Set larger code cache with -XX:ReservedCodeCacheSize=
#   JVM is running with Zero Based Compressed Oops mode in which the Java heap is
#     placed in the first 32GB address space. The Java Heap base address is the
#     maximum limit for the native heap growth. Please use -XX:HeapBaseMinAddress
#     to set the Java Heap base and to place the Java Heap above 32GB virtual address.
# This output file may be truncated or incomplete.
#
#  Out of Memory Error (arena.cpp:149), pid=15232, tid=8492
#
# JRE version: Java(TM) SE Runtime Environment (23.0.2+7) (build 23.0.2+7-58)
# Java VM: Java HotSpot(TM) 64-Bit Server VM (23.0.2+7-58, mixed mode, sharing, tiered, compressed oops, compressed class ptrs, g1 gc, windows-amd64)
# No core dump will be written. Minidumps are not enabled by default on client versions of Windows
#

---------------  S U M M A R Y ------------

Command Line: -Dfile.encoding=UTF-8 --module-path=C:\Users\LapStore\OneDrive\Documents\JavaProject6\build\classes com.library.main.Main

Host: Intel(R) Core(TM) i5-6440HQ CPU @ 2.60GHz, 4 cores, 15G,  Windows 10 , 64 bit Build 19041 (10.0.19041.5915)
Time: Thu Dec 18 23:55:14 2025 Egypt Standard Time elapsed time: 0.441165 seconds (0d 0h 0m 0s)

---------------  T H R E A D  ---------------

Current thread (0x000001ef268df540):  JavaThread "C1 CompilerThread0" daemon [_thread_in_native, id=8492, stack(0x000000ae38b00000,0x000000ae38c00000) (1024K)]


Current CompileTask:
C1:441  627       3       javax.swing.UIDefaults$TextAndMnemonicHashMap::get (358 bytes)

Stack: [0x000000ae38b00000,0x000000ae38c00000]
Native frames: (J=compiled Java code, j=interpreted, Vv=VM code, C=native code)
V  [jvm.dll+0x6e0b99]  (no source info available)
V  [jvm.dll+0x87e2b3]  (no source info available)
V  [jvm.dll+0x88073e]  (no source info available)
V  [jvm.dll+0x880e13]  (no source info available)
V  [jvm.dll+0x27b006]  (no source info available)
V  [jvm.dll+0xbc06f]  (no source info available)
V  [jvm.dll+0xbc2cb]  (no source info available)
V  [jvm.dll+0xb36cd]  (no source info available)
V  [jvm.dll+0x17dae8]  (no source info available)
V  [jvm.dll+0x17a44e]  (no source info available)
V  [jvm.dll+0x1685c0]  (no source info available)
V  [jvm.dll+0x1509bf]  (no source info available)
V  [jvm.dll+0x15022f]  (no source info available)
V  [jvm.dll+0x1504db]  (no source info available)
V  [jvm.dll+0x14f8a8]  (no source info available)
V  [jvm.dll+0x1516ed]  (no source info available)
V  [jvm.dll+0x253df1]  (no source info available)
V  [jvm.dll+0x2520aa]  (no source info available)
V  [jvm.dll+0x3ee226]  (no source info available)
V  [jvm.dll+0x8254cb]  (no source info available)
V  [jvm.dll+0x6df345]  (no source info available)
C  [ucrtbase.dll+0x21bb2]  (no source info available)
C  [KERNEL32.DLL+0x17374]  (no source info available)
C  [ntdll.dll+0x4cc91]  (no source info available)

Lock stack of current Java thread (top to bottom):


---------------  P R O C E S S  ---------------

Threads class SMR info:
_java_thread_list=0x000001ef26c6aa40, length=15, elements={
0x000001ef268c5910, 0x000001ef268c86f0, 0x000001ef268c9350, 0x000001ef268cddd0,
0x000001ef268ceab0, 0x000001ef268cf510, 0x000001ef268d02a0, 0x000001ef268df540,
0x000001ef269e73a0, 0x000001ef26ab3580, 0x000001ef26c519e0, 0x000001ef26c52050,
0x000001ef26c560d0, 0x000001ef26c30860, 0x000001ef07d03950
}

Java Threads: ( => current thread )
  0x000001ef268c5910 JavaThread "Reference Handler"          daemon [_thread_blocked, id=8188, stack(0x000000ae38400000,0x000000ae38500000) (1024K)]
  0x000001ef268c86f0 JavaThread "Finalizer"                  daemon [_thread_blocked, id=9208, stack(0x000000ae38500000,0x000000ae38600000) (1024K)]
  0x000001ef268c9350 JavaThread "Signal Dispatcher"          daemon [_thread_blocked, id=17988, stack(0x000000ae38600000,0x000000ae38700000) (1024K)]
  0x000001ef268cddd0 JavaThread "Attach Listener"            daemon [_thread_blocked, id=13572, stack(0x000000ae38700000,0x000000ae38800000) (1024K)]
  0x000001ef268ceab0 JavaThread "Service Thread"             daemon [_thread_blocked, id=18480, stack(0x000000ae38800000,0x000000ae38900000) (1024K)]
  0x000001ef268cf510 JavaThread "Monitor Deflation Thread"   daemon [_thread_blocked, id=16884, stack(0x000000ae38900000,0x000000ae38a00000) (1024K)]
  0x000001ef268d02a0 JavaThread "C2 CompilerThread0"         daemon [_thread_blocked, id=14088, stack(0x000000ae38a00000,0x000000ae38b00000) (1024K)]
=>0x000001ef268df540 JavaThread "C1 CompilerThread0"         daemon [_thread_in_native, id=8492, stack(0x000000ae38b00000,0x000000ae38c00000) (1024K)]
  0x000001ef269e73a0 JavaThread "Common-Cleaner"             daemon [_thread_blocked, id=4328, stack(0x000000ae38c00000,0x000000ae38d00000) (1024K)]
  0x000001ef26ab3580 JavaThread "Notification Thread"        daemon [_thread_blocked, id=13340, stack(0x000000ae38d00000,0x000000ae38e00000) (1024K)]
  0x000001ef26c519e0 JavaThread "Java2D Disposer"            daemon [_thread_blocked, id=11104, stack(0x000000ae38f00000,0x000000ae39000000) (1024K)]
  0x000001ef26c52050 JavaThread "AWT-Shutdown"                      [_thread_blocked, id=19500, stack(0x000000ae39000000,0x000000ae39100000) (1024K)]
  0x000001ef26c560d0 JavaThread "AWT-Windows"                daemon [_thread_in_native, id=11052, stack(0x000000ae39100000,0x000000ae39200000) (1024K)]
  0x000001ef26c30860 JavaThread "AWT-EventQueue-0"                  [_thread_in_vm, id=17144, stack(0x000000ae39200000,0x000000ae39300000) (1024K)]
  0x000001ef07d03950 JavaThread "DestroyJavaVM"                     [_thread_blocked, id=18116, stack(0x000000ae37c00000,0x000000ae37d00000) (1024K)]
Total: 15

Other Threads:
  0x000001ef268ac3e0 VMThread "VM Thread"                           [id=9364, stack(0x000000ae38300000,0x000000ae38400000) (1024K)]
  0x000001ef2689a6d0 WatcherThread "VM Periodic Task Thread"        [id=5740, stack(0x000000ae38200000,0x000000ae38300000) (1024K)]
  0x000001ef07d69130 WorkerThread "GC Thread#0"                     [id=19700, stack(0x000000ae37d00000,0x000000ae37e00000) (1024K)]
  0x000001ef07d7e020 ConcurrentGCThread "G1 Main Marker"            [id=8780, stack(0x000000ae37e00000,0x000000ae37f00000) (1024K)]
  0x000001ef07d7ea40 WorkerThread "G1 Conc#0"                       [id=10004, stack(0x000000ae37f00000,0x000000ae38000000) (1024K)]
  0x000001ef07dce840 ConcurrentGCThread "G1 Refine#0"               [id=11432, stack(0x000000ae38000000,0x000000ae38100000) (1024K)]
  0x000001ef26760560 ConcurrentGCThread "G1 Service"                [id=15920, stack(0x000000ae38100000,0x000000ae38200000) (1024K)]
Total: 7

Threads with active compile tasks:
C1 CompilerThread0  533  627       3       javax.swing.UIDefaults$TextAndMnemonicHashMap::get (358 bytes)
Total: 1

VM state: not at safepoint (normal execution)

VM Mutex/Monitor currently owned by a thread:  ([mutex/lock_event])
[0x00007ffaed0a2888] Metaspace_lock - owner thread: 0x000001ef26c30860

Heap address: 0x0000000701a00000, size: 4070 MB, Compressed Oops mode: Zero based, Oop shift amount: 3

CDS archive(s) mapped at: [0x000001ef27000000-0x000001ef27d70000-0x000001ef27d70000), size 14090240, SharedBaseAddress: 0x000001ef27000000, ArchiveRelocationMode: 1.
Compressed class space mapped at: 0x000001ef28000000-0x000001ef68000000, reserved size: 1073741824
Narrow klass base: 0x000001ef27000000, Narrow klass shift: 0, Narrow klass range: 0x41000000

GC Precious Log:
 CardTable entry size: 512
 Card Set container configuration: InlinePtr #cards 4 size 8 Array Of Cards #cards 16 size 48 Howl #buckets 8 coarsen threshold 3686 Howl Bitmap #cards 512 size 80 coarsen threshold 460 Card regions per heap region 1 cards per card region 4096
 CPUs: 4 total, 4 available
 Memory: 16275M
 Large Page Support: Disabled
 NUMA Support: Disabled
 Compressed Oops: Enabled (Zero based)
 Heap Region Size: 2M
 Heap Min Capacity: 8M
 Heap Initial Capacity: 256M
 Heap Max Capacity: 4070M
 Pre-touch: Disabled
 Parallel Workers: 4
 Concurrent Workers: 1
 Concurrent Refinement Workers: 4
 Periodic GC: Disabled

Heap:
 garbage-first heap   total reserved 4167680K, committed 262144K, used 6144K [0x0000000701a00000, 0x0000000800000000)
  region size 2048K, 4 young (8192K), 0 survivors (0K)
 Metaspace       used 5129K, committed 5312K, reserved 1114112K
  class space    used 600K, committed 704K, reserved 1048576K

Heap Regions: E=young(eden), S=young(survivor), O=old, HS=humongous(starts), HC=humongous(continues), CS=collection set, F=free, TAMS=top-at-mark-start, PB=parsable bottom
|   0|0x0000000701a00000, 0x0000000701a00000, 0x0000000701c00000|  0%| F|  |TAMS 0x0000000701a00000| PB 0x0000000701a00000| Untracked |  0
|   1|0x0000000701c00000, 0x0000000701c00000, 0x0000000701e00000|  0%| F|  |TAMS 0x0000000701c00000| PB 0x0000000701c00000| Untracked |  0
|   2|0x0000000701e00000, 0x0000000701e00000, 0x0000000702000000|  0%| F|  |TAMS 0x0000000701e00000| PB 0x0000000701e00000| Untracked |  0
|   3|0x0000000702000000, 0x0000000702000000, 0x0000000702200000|  0%| F|  |TAMS 0x0000000702000000| PB 0x0000000702000000| Untracked |  0
|   4|0x0000000702200000, 0x0000000702200000, 0x0000000702400000|  0%| F|  |TAMS 0x0000000702200000| PB 0x0000000702200000| Untracked |  0
|   5|0x0000000702400000, 0x0000000702400000, 0x0000000702600000|  0%| F|  |TAMS 0x0000000702400000| PB 0x0000000702400000| Untracked |  0
|   6|0x0000000702600000, 0x0000000702600000, 0x0000000702800000|  0%| F|  |TAMS 0x0000000702600000| PB 0x0000000702600000| Untracked |  0
|   7|0x0000000702800000, 0x0000000702800000, 0x0000000702a00000|  0%| F|  |TAMS 0x0000000702800000| PB 0x0000000702800000| Untracked |  0
|   8|0x0000000702a00000, 0x0000000702a00000, 0x0000000702c00000|  0%| F|  |TAMS 0x0000000702a00000| PB 0x0000000702a00000| Untracked |  0
|   9|0x0000000702c00000, 0x0000000702c00000, 0x0000000702e00000|  0%| F|  |TAMS 0x0000000702c00000| PB 0x0000000702c00000| Untracked |  0
|  10|0x0000000702e00000, 0x0000000702e00000, 0x0000000703000000|  0%| F|  |TAMS 0x0000000702e00000| PB 0x0000000702e00000| Untracked |  0
|  11|0x0000000703000000, 0x0000000703000000, 0x0000000703200000|  0%| F|  |TAMS 0x0000000703000000| PB 0x0000000703000000| Untracked |  0
|  12|0x0000000703200000, 0x0000000703200000, 0x0000000703400000|  0%| F|  |TAMS 0x0000000703200000| PB 0x0000000703200000| Untracked |  0
|  13|0x0000000703400000, 0x0000000703400000, 0x0000000703600000|  0%| F|  |TAMS 0x0000000703400000| PB 0x0000000703400000| Untracked |  0
|  14|0x0000000703600000, 0x0000000703600000, 0x0000000703800000|  0%| F|  |TAMS 0x0000000703600000| PB 0x0000000703600000| Untracked |  0
|  15|0x0000000703800000, 0x0000000703800000, 0x0000000703a00000|  0%| F|  |TAMS 0x0000000703800000| PB 0x0000000703800000| Untracked |  0
|  16|0x0000000703a00000, 0x0000000703a00000, 0x0000000703c00000|  0%| F|  |TAMS 0x0000000703a00000| PB 0x0000000703a00000| Untracked |  0
|  17|0x0000000703c00000, 0x0000000703c00000, 0x0000000703e00000|  0%| F|  |TAMS 0x0000000703c00000| PB 0x0000000703c00000| Untracked |  0
|  18|0x0000000703e00000, 0x0000000703e00000, 0x0000000704000000|  0%| F|  |TAMS 0x0000000703e00000| PB 0x0000000703e00000| Untracked |  0
|  19|0x0000000704000000, 0x0000000704000000, 0x0000000704200000|  0%| F|  |TAMS 0x0000000704000000| PB 0x0000000704000000| Untracked |  0
|  20|0x0000000704200000, 0x0000000704200000, 0x0000000704400000|  0%| F|  |TAMS 0x0000000704200000| PB 0x0000000704200000| Untracked |  0
|  21|0x0000000704400000, 0x0000000704400000, 0x0000000704600000|  0%| F|  |TAMS 0x0000000704400000| PB 0x0000000704400000| Untracked |  0
|  22|0x0000000704600000, 0x0000000704600000, 0x0000000704800000|  0%| F|  |TAMS 0x0000000704600000| PB 0x0000000704600000| Untracked |  0
|  23|0x0000000704800000, 0x0000000704800000, 0x0000000704a00000|  0%| F|  |TAMS 0x0000000704800000| PB 0x0000000704800000| Untracked |  0
|  24|0x0000000704a00000, 0x0000000704a00000, 0x0000000704c00000|  0%| F|  |TAMS 0x0000000704a00000| PB 0x0000000704a00000| Untracked |  0
|  25|0x0000000704c00000, 0x0000000704c00000, 0x0000000704e00000|  0%| F|  |TAMS 0x0000000704c00000| PB 0x0000000704c00000| Untracked |  0
|  26|0x0000000704e00000, 0x0000000704e00000, 0x0000000705000000|  0%| F|  |TAMS 0x0000000704e00000| PB 0x0000000704e00000| Untracked |  0
|  27|0x0000000705000000, 0x0000000705000000, 0x0000000705200000|  0%| F|  |TAMS 0x0000000705000000| PB 0x0000000705000000| Untracked |  0
|  28|0x0000000705200000, 0x0000000705200000, 0x0000000705400000|  0%| F|  |TAMS 0x0000000705200000| PB 0x0000000705200000| Untracked |  0
|  29|0x0000000705400000, 0x0000000705400000, 0x0000000705600000|  0%| F|  |TAMS 0x0000000705400000| PB 0x0000000705400000| Untracked |  0
|  30|0x0000000705600000, 0x0000000705600000, 0x0000000705800000|  0%| F|  |TAMS 0x0000000705600000| PB 0x0000000705600000| Untracked |  0
|  31|0x0000000705800000, 0x0000000705800000, 0x0000000705a00000|  0%| F|  |TAMS 0x0000000705800000| PB 0x0000000705800000| Untracked |  0
|  32|0x0000000705a00000, 0x0000000705a00000, 0x0000000705c00000|  0%| F|  |TAMS 0x0000000705a00000| PB 0x0000000705a00000| Untracked |  0
|  33|0x0000000705c00000, 0x0000000705c00000, 0x0000000705e00000|  0%| F|  |TAMS 0x0000000705c00000| PB 0x0000000705c00000| Untracked |  0
|  34|0x0000000705e00000, 0x0000000705e00000, 0x0000000706000000|  0%| F|  |TAMS 0x0000000705e00000| PB 0x0000000705e00000| Untracked |  0
|  35|0x0000000706000000, 0x0000000706000000, 0x0000000706200000|  0%| F|  |TAMS 0x0000000706000000| PB 0x0000000706000000| Untracked |  0
|  36|0x0000000706200000, 0x0000000706200000, 0x0000000706400000|  0%| F|  |TAMS 0x0000000706200000| PB 0x0000000706200000| Untracked |  0
|  37|0x0000000706400000, 0x0000000706400000, 0x0000000706600000|  0%| F|  |TAMS 0x0000000706400000| PB 0x0000000706400000| Untracked |  0
|  38|0x0000000706600000, 0x0000000706600000, 0x0000000706800000|  0%| F|  |TAMS 0x0000000706600000| PB 0x0000000706600000| Untracked |  0
|  39|0x0000000706800000, 0x0000000706800000, 0x0000000706a00000|  0%| F|  |TAMS 0x0000000706800000| PB 0x0000000706800000| Untracked |  0
|  40|0x0000000706a00000, 0x0000000706a00000, 0x0000000706c00000|  0%| F|  |TAMS 0x0000000706a00000| PB 0x0000000706a00000| Untracked |  0
|  41|0x0000000706c00000, 0x0000000706c00000, 0x0000000706e00000|  0%| F|  |TAMS 0x0000000706c00000| PB 0x0000000706c00000| Untracked |  0
|  42|0x0000000706e00000, 0x0000000706e00000, 0x0000000707000000|  0%| F|  |TAMS 0x0000000706e00000| PB 0x0000000706e00000| Untracked |  0
|  43|0x0000000707000000, 0x0000000707000000, 0x0000000707200000|  0%| F|  |TAMS 0x0000000707000000| PB 0x0000000707000000| Untracked |  0
|  44|0x0000000707200000, 0x0000000707200000, 0x0000000707400000|  0%| F|  |TAMS 0x0000000707200000| PB 0x0000000707200000| Untracked |  0
|  45|0x0000000707400000, 0x0000000707400000, 0x0000000707600000|  0%| F|  |TAMS 0x0000000707400000| PB 0x0000000707400000| Untracked |  0
|  46|0x0000000707600000, 0x0000000707600000, 0x0000000707800000|  0%| F|  |TAMS 0x0000000707600000| PB 0x0000000707600000| Untracked |  0
|  47|0x0000000707800000, 0x0000000707800000, 0x0000000707a00000|  0%| F|  |TAMS 0x0000000707800000| PB 0x0000000707800000| Untracked |  0
|  48|0x0000000707a00000, 0x0000000707a00000, 0x0000000707c00000|  0%| F|  |TAMS 0x0000000707a00000| PB 0x0000000707a00000| Untracked |  0
|  49|0x0000000707c00000, 0x0000000707c00000, 0x0000000707e00000|  0%| F|  |TAMS 0x0000000707c00000| PB 0x0000000707c00000| Untracked |  0
|  50|0x0000000707e00000, 0x0000000707e00000, 0x0000000708000000|  0%| F|  |TAMS 0x0000000707e00000| PB 0x0000000707e00000| Untracked |  0
|  51|0x0000000708000000, 0x0000000708000000, 0x0000000708200000|  0%| F|  |TAMS 0x0000000708000000| PB 0x0000000708000000| Untracked |  0
|  52|0x0000000708200000, 0x0000000708200000, 0x0000000708400000|  0%| F|  |TAMS 0x0000000708200000| PB 0x0000000708200000| Untracked |  0
|  53|0x0000000708400000, 0x0000000708400000, 0x0000000708600000|  0%| F|  |TAMS 0x0000000708400000| PB 0x0000000708400000| Untracked |  0
|  54|0x0000000708600000, 0x0000000708600000, 0x0000000708800000|  0%| F|  |TAMS 0x0000000708600000| PB 0x0000000708600000| Untracked |  0
|  55|0x0000000708800000, 0x0000000708800000, 0x0000000708a00000|  0%| F|  |TAMS 0x0000000708800000| PB 0x0000000708800000| Untracked |  0
|  56|0x0000000708a00000, 0x0000000708a00000, 0x0000000708c00000|  0%| F|  |TAMS 0x0000000708a00000| PB 0x0000000708a00000| Untracked |  0
|  57|0x0000000708c00000, 0x0000000708c00000, 0x0000000708e00000|  0%| F|  |TAMS 0x0000000708c00000| PB 0x0000000708c00000| Untracked |  0
|  58|0x0000000708e00000, 0x0000000708e00000, 0x0000000709000000|  0%| F|  |TAMS 0x0000000708e00000| PB 0x0000000708e00000| Untracked |  0
|  59|0x0000000709000000, 0x0000000709000000, 0x0000000709200000|  0%| F|  |TAMS 0x0000000709000000| PB 0x0000000709000000| Untracked |  0
|  60|0x0000000709200000, 0x0000000709200000, 0x0000000709400000|  0%| F|  |TAMS 0x0000000709200000| PB 0x0000000709200000| Untracked |  0
|  61|0x0000000709400000, 0x0000000709400000, 0x0000000709600000|  0%| F|  |TAMS 0x0000000709400000| PB 0x0000000709400000| Untracked |  0
|  62|0x0000000709600000, 0x0000000709600000, 0x0000000709800000|  0%| F|  |TAMS 0x0000000709600000| PB 0x0000000709600000| Untracked |  0
|  63|0x0000000709800000, 0x0000000709800000, 0x0000000709a00000|  0%| F|  |TAMS 0x0000000709800000| PB 0x0000000709800000| Untracked |  0
|  64|0x0000000709a00000, 0x0000000709a00000, 0x0000000709c00000|  0%| F|  |TAMS 0x0000000709a00000| PB 0x0000000709a00000| Untracked |  0
|  65|0x0000000709c00000, 0x0000000709c00000, 0x0000000709e00000|  0%| F|  |TAMS 0x0000000709c00000| PB 0x0000000709c00000| Untracked |  0
|  66|0x0000000709e00000, 0x0000000709e00000, 0x000000070a000000|  0%| F|  |TAMS 0x0000000709e00000| PB 0x0000000709e00000| Untracked |  0
|  67|0x000000070a000000, 0x000000070a000000, 0x000000070a200000|  0%| F|  |TAMS 0x000000070a000000| PB 0x000000070a000000| Untracked |  0
|  68|0x000000070a200000, 0x000000070a200000, 0x000000070a400000|  0%| F|  |TAMS 0x000000070a200000| PB 0x000000070a200000| Untracked |  0
|  69|0x000000070a400000, 0x000000070a400000, 0x000000070a600000|  0%| F|  |TAMS 0x000000070a400000| PB 0x000000070a400000| Untracked |  0
|  70|0x000000070a600000, 0x000000070a600000, 0x000000070a800000|  0%| F|  |TAMS 0x000000070a600000| PB 0x000000070a600000| Untracked |  0
|  71|0x000000070a800000, 0x000000070a800000, 0x000000070aa00000|  0%| F|  |TAMS 0x000000070a800000| PB 0x000000070a800000| Untracked |  0
|  72|0x000000070aa00000, 0x000000070aa00000, 0x000000070ac00000|  0%| F|  |TAMS 0x000000070aa00000| PB 0x000000070aa00000| Untracked |  0
|  73|0x000000070ac00000, 0x000000070ac00000, 0x000000070ae00000|  0%| F|  |TAMS 0x000000070ac00000| PB 0x000000070ac00000| Untracked |  0
|  74|0x000000070ae00000, 0x000000070ae00000, 0x000000070b000000|  0%| F|  |TAMS 0x000000070ae00000| PB 0x000000070ae00000| Untracked |  0
|  75|0x000000070b000000, 0x000000070b000000, 0x000000070b200000|  0%| F|  |TAMS 0x000000070b000000| PB 0x000000070b000000| Untracked |  0
|  76|0x000000070b200000, 0x000000070b200000, 0x000000070b400000|  0%| F|  |TAMS 0x000000070b200000| PB 0x000000070b200000| Untracked |  0
|  77|0x000000070b400000, 0x000000070b400000, 0x000000070b600000|  0%| F|  |TAMS 0x000000070b400000| PB 0x000000070b400000| Untracked |  0
|  78|0x000000070b600000, 0x000000070b600000, 0x000000070b800000|  0%| F|  |TAMS 0x000000070b600000| PB 0x000000070b600000| Untracked |  0
|  79|0x000000070b800000, 0x000000070b800000, 0x000000070ba00000|  0%| F|  |TAMS 0x000000070b800000| PB 0x000000070b800000| Untracked |  0
|  80|0x000000070ba00000, 0x000000070ba00000, 0x000000070bc00000|  0%| F|  |TAMS 0x000000070ba00000| PB 0x000000070ba00000| Untracked |  0
|  81|0x000000070bc00000, 0x000000070bc00000, 0x000000070be00000|  0%| F|  |TAMS 0x000000070bc00000| PB 0x000000070bc00000| Untracked |  0
|  82|0x000000070be00000, 0x000000070be00000, 0x000000070c000000|  0%| F|  |TAMS 0x000000070be00000| PB 0x000000070be00000| Untracked |  0
|  83|0x000000070c000000, 0x000000070c000000, 0x000000070c200000|  0%| F|  |TAMS 0x000000070c000000| PB 0x000000070c000000| Untracked |  0
|  84|0x000000070c200000, 0x000000070c200000, 0x000000070c400000|  0%| F|  |TAMS 0x000000070c200000| PB 0x000000070c200000| Untracked |  0
|  85|0x000000070c400000, 0x000000070c400000, 0x000000070c600000|  0%| F|  |TAMS 0x000000070c400000| PB 0x000000070c400000| Untracked |  0
|  86|0x000000070c600000, 0x000000070c600000, 0x000000070c800000|  0%| F|  |TAMS 0x000000070c600000| PB 0x000000070c600000| Untracked |  0
|  87|0x000000070c800000, 0x000000070c800000, 0x000000070ca00000|  0%| F|  |TAMS 0x000000070c800000| PB 0x000000070c800000| Untracked |  0
|  88|0x000000070ca00000, 0x000000070ca00000, 0x000000070cc00000|  0%| F|  |TAMS 0x000000070ca00000| PB 0x000000070ca00000| Untracked |  0
|  89|0x000000070cc00000, 0x000000070cc00000, 0x000000070ce00000|  0%| F|  |TAMS 0x000000070cc00000| PB 0x000000070cc00000| Untracked |  0
|  90|0x000000070ce00000, 0x000000070ce00000, 0x000000070d000000|  0%| F|  |TAMS 0x000000070ce00000| PB 0x000000070ce00000| Untracked |  0
|  91|0x000000070d000000, 0x000000070d000000, 0x000000070d200000|  0%| F|  |TAMS 0x000000070d000000| PB 0x000000070d000000| Untracked |  0
|  92|0x000000070d200000, 0x000000070d200000, 0x000000070d400000|  0%| F|  |TAMS 0x000000070d200000| PB 0x000000070d200000| Untracked |  0
|  93|0x000000070d400000, 0x000000070d400000, 0x000000070d600000|  0%| F|  |TAMS 0x000000070d400000| PB 0x000000070d400000| Untracked |  0
|  94|0x000000070d600000, 0x000000070d600000, 0x000000070d800000|  0%| F|  |TAMS 0x000000070d600000| PB 0x000000070d600000| Untracked |  0
|  95|0x000000070d800000, 0x000000070d800000, 0x000000070da00000|  0%| F|  |TAMS 0x000000070d800000| PB 0x000000070d800000| Untracked |  0
|  96|0x000000070da00000, 0x000000070da00000, 0x000000070dc00000|  0%| F|  |TAMS 0x000000070da00000| PB 0x000000070da00000| Untracked |  0
|  97|0x000000070dc00000, 0x000000070dc00000, 0x000000070de00000|  0%| F|  |TAMS 0x000000070dc00000| PB 0x000000070dc00000| Untracked |  0
|  98|0x000000070de00000, 0x000000070de00000, 0x000000070e000000|  0%| F|  |TAMS 0x000000070de00000| PB 0x000000070de00000| Untracked |  0
|  99|0x000000070e000000, 0x000000070e000000, 0x000000070e200000|  0%| F|  |TAMS 0x000000070e000000| PB 0x000000070e000000| Untracked |  0
| 100|0x000000070e200000, 0x000000070e200000, 0x000000070e400000|  0%| F|  |TAMS 0x000000070e200000| PB 0x000000070e200000| Untracked |  0
| 101|0x000000070e400000, 0x000000070e400000, 0x000000070e600000|  0%| F|  |TAMS 0x000000070e400000| PB 0x000000070e400000| Untracked |  0
| 102|0x000000070e600000, 0x000000070e600000, 0x000000070e800000|  0%| F|  |TAMS 0x000000070e600000| PB 0x000000070e600000| Untracked |  0
| 103|0x000000070e800000, 0x000000070e800000, 0x000000070ea00000|  0%| F|  |TAMS 0x000000070e800000| PB 0x000000070e800000| Untracked |  0
| 104|0x000000070ea00000, 0x000000070ea00000, 0x000000070ec00000|  0%| F|  |TAMS 0x000000070ea00000| PB 0x000000070ea00000| Untracked |  0
| 105|0x000000070ec00000, 0x000000070ec00000, 0x000000070ee00000|  0%| F|  |TAMS 0x000000070ec00000| PB 0x000000070ec00000| Untracked |  0
| 106|0x000000070ee00000, 0x000000070ee00000, 0x000000070f000000|  0%| F|  |TAMS 0x000000070ee00000| PB 0x000000070ee00000| Untracked |  0
| 107|0x000000070f000000, 0x000000070f000000, 0x000000070f200000|  0%| F|  |TAMS 0x000000070f000000| PB 0x000000070f000000| Untracked |  0
| 108|0x000000070f200000, 0x000000070f200000, 0x000000070f400000|  0%| F|  |TAMS 0x000000070f200000| PB 0x000000070f200000| Untracked |  0
| 109|0x000000070f400000, 0x000000070f400000, 0x000000070f600000|  0%| F|  |TAMS 0x000000070f400000| PB 0x000000070f400000| Untracked |  0
| 110|0x000000070f600000, 0x000000070f600000, 0x000000070f800000|  0%| F|  |TAMS 0x000000070f600000| PB 0x000000070f600000| Untracked |  0
| 111|0x000000070f800000, 0x000000070f800000, 0x000000070fa00000|  0%| F|  |TAMS 0x000000070f800000| PB 0x000000070f800000| Untracked |  0
| 112|0x000000070fa00000, 0x000000070fa00000, 0x000000070fc00000|  0%| F|  |TAMS 0x000000070fa00000| PB 0x000000070fa00000| Untracked |  0
| 113|0x000000070fc00000, 0x000000070fc00000, 0x000000070fe00000|  0%| F|  |TAMS 0x000000070fc00000| PB 0x000000070fc00000| Untracked |  0
| 114|0x000000070fe00000, 0x000000070fe00000, 0x0000000710000000|  0%| F|  |TAMS 0x000000070fe00000| PB 0x000000070fe00000| Untracked |  0
| 115|0x0000000710000000, 0x0000000710000000, 0x0000000710200000|  0%| F|  |TAMS 0x0000000710000000| PB 0x0000000710000000| Untracked |  0
| 116|0x0000000710200000, 0x0000000710200000, 0x0000000710400000|  0%| F|  |TAMS 0x0000000710200000| PB 0x0000000710200000| Untracked |  0
| 117|0x0000000710400000, 0x0000000710400000, 0x0000000710600000|  0%| F|  |TAMS 0x0000000710400000| PB 0x0000000710400000| Untracked |  0
| 118|0x0000000710600000, 0x0000000710600000, 0x0000000710800000|  0%| F|  |TAMS 0x0000000710600000| PB 0x0000000710600000| Untracked |  0
| 119|0x0000000710800000, 0x0000000710800000, 0x0000000710a00000|  0%| F|  |TAMS 0x0000000710800000| PB 0x0000000710800000| Untracked |  0
| 120|0x0000000710a00000, 0x0000000710a00000, 0x0000000710c00000|  0%| F|  |TAMS 0x0000000710a00000| PB 0x0000000710a00000| Untracked |  0
| 121|0x0000000710c00000, 0x0000000710c00000, 0x0000000710e00000|  0%| F|  |TAMS 0x0000000710c00000| PB 0x0000000710c00000| Untracked |  0
| 122|0x0000000710e00000, 0x0000000710e00000, 0x0000000711000000|  0%| F|  |TAMS 0x0000000710e00000| PB 0x0000000710e00000| Untracked |  0
| 123|0x0000000711000000, 0x0000000711000000, 0x0000000711200000|  0%| F|  |TAMS 0x0000000711000000| PB 0x0000000711000000| Untracked |  0
| 124|0x0000000711200000, 0x00000007112db7b0, 0x0000000711400000| 42%| E|  |TAMS 0x0000000711200000| PB 0x0000000711200000| Complete |  0
| 125|0x0000000711400000, 0x0000000711600000, 0x0000000711600000|100%| E|CS|TAMS 0x0000000711400000| PB 0x0000000711400000| Complete |  0
| 126|0x0000000711600000, 0x0000000711800000, 0x0000000711800000|100%| E|CS|TAMS 0x0000000711600000| PB 0x0000000711600000| Complete |  0
| 127|0x0000000711800000, 0x0000000711a00000, 0x0000000711a00000|100%| E|CS|TAMS 0x0000000711800000| PB 0x0000000711800000| Complete |  0

Card table byte_map: [0x000001ef1fc50000,0x000001ef20450000] _byte_map_base: 0x000001ef1c443000

Marking Bits: (CMBitMap*) 0x000001ef07d69750
 Bits: [0x000001ef20450000, 0x000001ef243e8000)

Polling page: 0x000001ef074d0000

Metaspace:

Usage:
  Non-class:      4.42 MB used.
      Class:    600.91 KB used.
       Both:      5.01 MB used.

Virtual space:
  Non-class space:       64.00 MB reserved,       4.50 MB (  7%) committed,  1 nodes.
      Class space:        1.00 GB reserved,     704.00 KB ( <1%) committed,  1 nodes.
             Both:        1.06 GB reserved,       5.19 MB ( <1%) committed. 

Chunk freelists:
   Non-Class:  10.55 MB
       Class:  15.24 MB
        Both:  25.79 MB

MaxMetaspaceSize: unlimited
CompressedClassSpaceSize: 1.00 GB
Initial GC threshold: 21.00 MB
Current GC threshold: 21.00 MB
CDS: on
 - commit_granule_bytes: 65536.
 - commit_granule_words: 8192.
 - virtual_space_node_default_size: 8388608.
 - enlarge_chunks_in_place: 1.
 - use_allocation_guard: 0.


Internal statistics:

num_allocs_failed_limit: 0.
num_arena_births: 118.
num_arena_deaths: 0.
num_vsnodes_births: 2.
num_vsnodes_deaths: 0.
num_space_committed: 83.
num_space_uncommitted: 0.
num_chunks_returned_to_freelist: 0.
num_chunks_taken_from_freelist: 156.
num_chunk_merges: 0.
num_chunk_splits: 104.
num_chunks_enlarged: 56.
num_inconsistent_stats: 0.

CodeHeap 'non-profiled nmethods': size=120064Kb used=195Kb max_used=195Kb free=119869Kb
 bounds [0x000001ef17f10000, 0x000001ef18180000, 0x000001ef1f450000]
CodeHeap 'profiled nmethods': size=120000Kb used=650Kb max_used=650Kb free=119350Kb
 bounds [0x000001ef10450000, 0x000001ef106c0000, 0x000001ef17980000]
CodeHeap 'non-nmethods': size=5696Kb used=1424Kb max_used=1441Kb free=4271Kb
 bounds [0x000001ef17980000, 0x000001ef17bf0000, 0x000001ef17f10000]
CodeCache: size=245760Kb, used=2269Kb, max_used=2286Kb, free=243490Kb
 total_blobs=1155, nmethods=628, adapters=433, full_count=0
Compilation: enabled, stopped_count=0, restarted_count=0

Compilation events (20 events):
Event: 0.429 Thread 0x000001ef268df540  617   !   3       java.nio.DirectIntBufferU::get (34 bytes)
Event: 0.430 Thread 0x000001ef268df540 nmethod 617 0x000001ef104ee408 code [0x000001ef104ee5e0, 0x000001ef104eeed8]
Event: 0.430 Thread 0x000001ef268df540  618       3       java.nio.DirectIntBufferU::ix (10 bytes)
Event: 0.430 Thread 0x000001ef268df540 nmethod 618 0x000001ef104eef88 code [0x000001ef104ef0a0, 0x000001ef104ef1c0]
Event: 0.430 Thread 0x000001ef268df540  619   !   3       jdk.internal.misc.ScopedMemoryAccess::getInt (16 bytes)
Event: 0.430 Thread 0x000001ef268df540 nmethod 619 0x000001ef104ef288 code [0x000001ef104ef3e0, 0x000001ef104ef7b0]
Event: 0.431 Thread 0x000001ef268df540  620       3       java.util.Properties::loadConvert (540 bytes)
Event: 0.431 Thread 0x000001ef268d02a0  621       4       java.util.HashMap::hash (20 bytes)
Event: 0.432 Thread 0x000001ef268df540 nmethod 620 0x000001ef104ef808 code [0x000001ef104efa80, 0x000001ef104f0d30]
Event: 0.432 Thread 0x000001ef268df540  622       3       jdk.internal.jimage.ImageStringsReader::hashCode (33 bytes)
Event: 0.432 Thread 0x000001ef268d02a0 nmethod 621 0x000001ef17f3fa88 code [0x000001ef17f3fb80, 0x000001ef17f3fc80]
Event: 0.432 Thread 0x000001ef268d02a0  624       4       java.lang.StringLatin1::replace (198 bytes)
Event: 0.432 Thread 0x000001ef268df540 nmethod 622 0x000001ef104f0d88 code [0x000001ef104f0ec0, 0x000001ef104f1030]
Event: 0.432 Thread 0x000001ef268df540  623       3       java.util.Optional::empty (6 bytes)
Event: 0.432 Thread 0x000001ef268df540 nmethod 623 0x000001ef104f1088 code [0x000001ef104f11a0, 0x000001ef104f1298]
Event: 0.432 Thread 0x000001ef268df540  625       3       jdk.internal.module.SystemModuleFinders$SystemModuleReader::find (59 bytes)
Event: 0.433 Thread 0x000001ef268df540 nmethod 625 0x000001ef104f1388 code [0x000001ef104f15c0, 0x000001ef104f20e8]
Event: 0.433 Thread 0x000001ef268df540  626       3       java.lang.StringLatin1::indexOf (121 bytes)
Event: 0.433 Thread 0x000001ef268df540 nmethod 626 0x000001ef104f2188 code [0x000001ef104f22e0, 0x000001ef104f2780]
Event: 0.433 Thread 0x000001ef268df540  627       3       javax.swing.UIDefaults$TextAndMnemonicHashMap::get (358 bytes)

GC Heap History (0 events):
No events

Dll operation events (8 events):
Event: 0.011 Loaded shared library C:\Program Files\Java\jdk-23\bin\java.dll
Event: 0.048 Loaded shared library C:\Program Files\Java\jdk-23\bin\jsvml.dll
Event: 0.089 Loaded shared library C:\Program Files\Java\jdk-23\bin\net.dll
Event: 0.091 Loaded shared library C:\Program Files\Java\jdk-23\bin\nio.dll
Event: 0.124 Loaded shared library C:\Program Files\Java\jdk-23\bin\zip.dll
Event: 0.143 Loaded shared library C:\Program Files\Java\jdk-23\bin\jimage.dll
Event: 0.147 Loaded shared library C:\Program Files\Java\jdk-23\bin\awt.dll
Event: 0.421 Loaded shared library C:\Users\LapStore\AppData\Local\Temp\flatlaf.temp\flatlaf-windows-x86_64-2003465961692000.dll

Deoptimization events (4 events):
Event: 0.253 Thread 0x000001ef07d03950 Uncommon trap: trap_request=0xffffff45 fr.pc=0x000001ef17f22c3c relative=0x0000000000000a7c
Event: 0.253 Thread 0x000001ef07d03950 Uncommon trap: reason=unstable_if action=reinterpret pc=0x000001ef17f22c3c method=java.util.HashMap.putVal(ILjava/lang/Object;Ljava/lang/Object;ZZ)Ljava/lang/Object; @ 236 c2
Event: 0.253 Thread 0x000001ef07d03950 DEOPT PACKING pc=0x000001ef17f22c3c sp=0x000000ae37cfeef0
Event: 0.253 Thread 0x000001ef07d03950 DEOPT UNPACKING pc=0x000001ef179d4402 sp=0x000000ae37cfeea8 mode 2

Classes loaded (20 events):
Event: 0.429 Loading class java/util/ResourceBundle$Control$2
Event: 0.429 Loading class java/util/ResourceBundle$Control$2 done
Event: 0.429 Loading class java/util/PropertyResourceBundle
Event: 0.429 Loading class java/util/PropertyResourceBundle done
Event: 0.430 Loading class java/io/InputStreamReader
Event: 0.430 Loading class java/io/Reader
Event: 0.430 Loading class java/io/Reader done
Event: 0.430 Loading class java/io/InputStreamReader done
Event: 0.430 Loading class sun/util/PropertyResourceBundleCharset
Event: 0.430 Loading class sun/util/PropertyResourceBundleCharset done
Event: 0.430 Loading class sun/util/PropertyResourceBundleCharset$PropertiesFileDecoder
Event: 0.430 Loading class sun/util/PropertyResourceBundleCharset$PropertiesFileDecoder done
Event: 0.430 Loading class sun/nio/cs/UTF_8$Decoder
Event: 0.430 Loading class sun/nio/cs/UTF_8$Decoder done
Event: 0.430 Loading class sun/nio/cs/StreamDecoder
Event: 0.430 Loading class sun/nio/cs/StreamDecoder done
Event: 0.434 Loading class java/util/Hashtable$KeySet
Event: 0.434 Loading class java/util/Hashtable$KeySet done
Event: 0.437 Loading class java/util/function/BooleanSupplier
Event: 0.437 Loading class java/util/function/BooleanSupplier done

Classes unloaded (0 events):
No events

Classes redefined (0 events):
No events

Internal exceptions (13 events):
Event: 0.093 Thread 0x000001ef07d03950 Exception <a 'sun/nio/fs/WindowsException'{0x00000007119560c0}> (0x00000007119560c0) 
thrown [s\open\src\hotspot\share\prims\jni.cpp, line 520]
Event: 0.096 Thread 0x000001ef07d03950 Exception <a 'sun/nio/fs/WindowsException'{0x0000000711959518}> (0x0000000711959518) 
thrown [s\open\src\hotspot\share\prims\jni.cpp, line 520]
Event: 0.135 Thread 0x000001ef07d03950 Exception <a 'java/lang/ClassNotFoundException'{0x00000007116505b8}: sun/awt/resources/spi/awtProvider> (0x00000007116505b8) 
thrown [s\open\src\hotspot\share\classfile\systemDictionary.cpp, line 313]
Event: 0.165 Thread 0x000001ef07d03950 Exception <a 'java/io/FileNotFoundException'{0x00000007116a6298}> (0x00000007116a6298) 
thrown [s\open\src\hotspot\share\prims\jni.cpp, line 520]
Event: 0.175 Thread 0x000001ef07d03950 Exception <a 'java/io/FileNotFoundException'{0x00000007116d4620}> (0x00000007116d4620) 
thrown [s\open\src\hotspot\share\prims\jni.cpp, line 520]
Event: 0.308 Thread 0x000001ef26c30860 Exception <a 'java/lang/NoSuchMethodError'{0x00000007114eec58}: 'void java.lang.invoke.DirectMethodHandle$Holder.invokeSpecial(java.lang.Object, java.lang.Object, java.lang.Object)'> (0x00000007114eec58) 
thrown [s\open\src\hotspot\share\interpreter\linkResolver.cpp, line 796]
Event: 0.324 Thread 0x000001ef26c30860 Exception <a 'java/lang/NoSuchMethodError'{0x000000071153e5b0}: 'java.lang.Object java.lang.invoke.DirectMethodHandle$Holder.invokeStatic(java.lang.Object, int, java.lang.Object)'> (0x000000071153e5b0) 
thrown [s\open\src\hotspot\share\interpreter\linkResolver.cpp, line 796]
Event: 0.351 Thread 0x000001ef26c30860 Exception <a 'java/lang/ClassNotFoundException'{0x00000007115e5850}: com/sun/swing/internal/plaf/metal/resources/spi/metalProvider> (0x00000007115e5850) 
thrown [s\open\src\hotspot\share\classfile\systemDictionary.cpp, line 313]
Event: 0.353 Thread 0x000001ef26c30860 Exception <a 'java/lang/ClassNotFoundException'{0x00000007115e9810}: com/sun/swing/internal/plaf/basic/resources/spi/basicProvider> (0x00000007115e9810) 
thrown [s\open\src\hotspot\share\classfile\systemDictionary.cpp, line 313]
Event: 0.395 Thread 0x000001ef26c30860 Exception <a 'java/lang/NoSuchMethodError'{0x0000000711209698}: 'int java.lang.invoke.Invokers$Holder.invokeExact_MT(java.lang.Object, java.lang.Object)'> (0x0000000711209698) 
thrown [s\open\src\hotspot\share\interpreter\linkResolver.cpp, line 796]
Event: 0.405 Thread 0x000001ef26c30860 Exception <a 'sun/nio/fs/WindowsException'{0x0000000711236690}> (0x0000000711236690) 
thrown [s\open\src\hotspot\share\prims\jni.cpp, line 520]
Event: 0.427 Thread 0x000001ef26c30860 Exception <a 'java/lang/NoSuchMethodError'{0x0000000711260088}: 'void java.lang.invoke.DirectMethodHandle$Holder.invokeStatic(java.lang.Object, java.lang.Object)'> (0x0000000711260088) 
thrown [s\open\src\hotspot\share\interpreter\linkResolver.cpp, line 796]
Event: 0.438 Thread 0x000001ef26c30860 Exception <a 'java/lang/NoSuchMethodError'{0x00000007112957a8}: 'int java.lang.invoke.DirectMethodHandle$Holder.invokeStatic(java.lang.Object)'> (0x00000007112957a8) 
thrown [s\open\src\hotspot\share\interpreter\linkResolver.cpp, line 796]

VM Operations (2 events):
Event: 0.100 Executing VM operation: HandshakeAllThreads (Deoptimize)
Event: 0.100 Executing VM operation: HandshakeAllThreads (Deoptimize) done

Memory protections (0 events):
No events

Nmethod flushes (0 events):
No events

Events (19 events):
Event: 0.029 Thread 0x000001ef07d03950 Thread added: 0x000001ef07d03950
Event: 0.044 Thread 0x000001ef07d03950 Thread added: 0x000001ef268c5910
Event: 0.045 Thread 0x000001ef07d03950 Thread added: 0x000001ef268c86f0
Event: 0.045 Thread 0x000001ef07d03950 Thread added: 0x000001ef268c9350
Event: 0.045 Thread 0x000001ef07d03950 Thread added: 0x000001ef268cddd0
Event: 0.045 Thread 0x000001ef07d03950 Thread added: 0x000001ef268ceab0
Event: 0.045 Thread 0x000001ef07d03950 Thread added: 0x000001ef268cf510
Event: 0.045 Thread 0x000001ef07d03950 Thread added: 0x000001ef268d02a0
Event: 0.045 Thread 0x000001ef07d03950 Thread added: 0x000001ef268df540
Event: 0.074 Thread 0x000001ef07d03950 Thread added: 0x000001ef269e73a0
Event: 0.113 Thread 0x000001ef07d03950 Thread added: 0x000001ef26ab3580
Event: 0.116 Thread 0x000001ef268df540 Thread added: 0x000001ef26b38c50
Event: 0.238 Thread 0x000001ef07d03950 Thread added: 0x000001ef26c519e0
Event: 0.240 Thread 0x000001ef07d03950 Thread added: 0x000001ef26c52050
Event: 0.241 Thread 0x000001ef07d03950 Thread added: 0x000001ef26c560d0
Event: 0.253 Thread 0x000001ef07d03950 Thread added: 0x000001ef26c30860
Event: 0.253 Thread 0x000001ef07d03950 Thread exited: 0x000001ef07d03950
Event: 0.254 Thread 0x000001ef07d03950 Thread added: 0x000001ef07d03950
Event: 0.423 Thread 0x000001ef26b38c50 Thread exited: 0x000001ef26b38c50


Dynamic libraries:
0x00007ff733fe0000 - 0x00007ff733ff0000 	C:\Program Files\Java\jdk-23\bin\java.exe
0x00007ffb4bc50000 - 0x00007ffb4be48000 	C:\Windows\SYSTEM32\ntdll.dll
0x00007ffb4af60000 - 0x00007ffb4b022000 	C:\Windows\System32\KERNEL32.DLL
0x00007ffb49520000 - 0x00007ffb49816000 	C:\Windows\System32\KERNELBASE.dll
0x00007ffb49b30000 - 0x00007ffb49c30000 	C:\Windows\System32\ucrtbase.dll
0x00007ffb37050000 - 0x00007ffb37067000 	C:\Program Files\Java\jdk-23\bin\jli.dll
0x00007ffb43130000 - 0x00007ffb4314b000 	C:\Program Files\Java\jdk-23\bin\VCRUNTIME140.dll
0x00007ffb4b7d0000 - 0x00007ffb4b96d000 	C:\Windows\System32\USER32.dll
0x00007ffb30f10000 - 0x00007ffb311ab000 	C:\Windows\WinSxS\amd64_microsoft.windows.common-controls_6595b64144ccf1df_6.0.19041.6280_none_60bc30a171f2f3f3\COMCTL32.dll
0x00007ffb49390000 - 0x00007ffb493b2000 	C:\Windows\System32\win32u.dll
0x00007ffb49d00000 - 0x00007ffb49d2b000 	C:\Windows\System32\GDI32.dll
0x00007ffb49820000 - 0x00007ffb49939000 	C:\Windows\System32\gdi32full.dll
0x00007ffb4b030000 - 0x00007ffb4b0ce000 	C:\Windows\System32\msvcrt.dll
0x00007ffb492f0000 - 0x00007ffb4938d000 	C:\Windows\System32\msvcp_win.dll
0x00007ffb4af30000 - 0x00007ffb4af5f000 	C:\Windows\System32\IMM32.DLL
0x00007ffb43120000 - 0x00007ffb4312c000 	C:\Program Files\Java\jdk-23\bin\vcruntime140_1.dll
0x00007ffad1040000 - 0x00007ffad10ce000 	C:\Program Files\Java\jdk-23\bin\msvcp140.dll
0x00007ffaec430000 - 0x00007ffaed180000 	C:\Program Files\Java\jdk-23\bin\server\jvm.dll
0x00007ffb4b200000 - 0x00007ffb4b2b1000 	C:\Windows\System32\ADVAPI32.dll
0x00007ffb4ad90000 - 0x00007ffb4ae2f000 	C:\Windows\System32\sechost.dll
0x00007ffb4baf0000 - 0x00007ffb4bc10000 	C:\Windows\System32\RPCRT4.dll
0x00007ffb49b00000 - 0x00007ffb49b27000 	C:\Windows\System32\bcrypt.dll
0x00007ffb4ad20000 - 0x00007ffb4ad8b000 	C:\Windows\System32\WS2_32.dll
0x00007ffb49150000 - 0x00007ffb4919b000 	C:\Windows\SYSTEM32\POWRPROF.dll
0x00007ffb31250000 - 0x00007ffb31277000 	C:\Windows\SYSTEM32\WINMM.dll
0x00007ffb42780000 - 0x00007ffb4278a000 	C:\Windows\SYSTEM32\VERSION.dll
0x00007ffb49130000 - 0x00007ffb49142000 	C:\Windows\SYSTEM32\UMPDC.dll
0x00007ffb47ad0000 - 0x00007ffb47ae2000 	C:\Windows\SYSTEM32\kernel.appcore.dll
0x00007ffb43060000 - 0x00007ffb4306a000 	C:\Program Files\Java\jdk-23\bin\jimage.dll
0x00007ffb46ea0000 - 0x00007ffb470a1000 	C:\Windows\SYSTEM32\DBGHELP.DLL
0x00007ffb33be0000 - 0x00007ffb33c14000 	C:\Windows\SYSTEM32\dbgcore.DLL
0x00007ffb499c0000 - 0x00007ffb49a42000 	C:\Windows\System32\bcryptPrimitives.dll
0x00007ffb11ad0000 - 0x00007ffb11aee000 	C:\Program Files\Java\jdk-23\bin\java.dll
0x00007ffb4b0d0000 - 0x00007ffb4b1fb000 	C:\Windows\System32\ole32.dll
0x00007ffb4b470000 - 0x00007ffb4b7c3000 	C:\Windows\System32\combase.dll
0x00007ffb4a430000 - 0x00007ffb4aba0000 	C:\Windows\System32\SHELL32.dll
0x00007ffb47310000 - 0x00007ffb47ab5000 	C:\Windows\SYSTEM32\windows.storage.dll
0x00007ffb48b70000 - 0x00007ffb48b9b000 	C:\Windows\SYSTEM32\Wldp.dll
0x00007ffb4a2b0000 - 0x00007ffb4a37d000 	C:\Windows\System32\OLEAUT32.dll
0x00007ffb4a380000 - 0x00007ffb4a42d000 	C:\Windows\System32\SHCORE.dll
0x00007ffb49ca0000 - 0x00007ffb49cfb000 	C:\Windows\System32\shlwapi.dll
0x00007ffb49220000 - 0x00007ffb49244000 	C:\Windows\SYSTEM32\profapi.dll
0x00007ffb0e600000 - 0x00007ffb0e6d7000 	C:\Program Files\Java\jdk-23\bin\jsvml.dll
0x00007ffb17230000 - 0x00007ffb17240000 	C:\Program Files\Java\jdk-23\bin\net.dll
0x00007ffb48950000 - 0x00007ffb489ba000 	C:\Windows\system32\mswsock.dll
0x00007ffb113f0000 - 0x00007ffb11406000 	C:\Program Files\Java\jdk-23\bin\nio.dll
0x00007ffb113d0000 - 0x00007ffb113e7000 	C:\Program Files\Java\jdk-23\bin\zip.dll
0x00007ffad10d0000 - 0x00007ffad125e000 	C:\Program Files\Java\jdk-23\bin\awt.dll
0x00007ffb463c0000 - 0x00007ffb46454000 	C:\Windows\SYSTEM32\apphelp.dll
0x00007ffb46860000 - 0x00007ffb468fe000 	C:\Windows\system32\uxtheme.dll
0x00007ffb4b970000 - 0x00007ffb4ba85000 	C:\Windows\System32\MSCTF.dll
0x00007ffb46a50000 - 0x00007ffb46a7e000 	C:\Windows\system32\DWMAPI.DLL
0x00007ffb21d20000 - 0x00007ffb21e48000 	C:\Windows\system32\opengl32.dll
0x00007ffb37610000 - 0x00007ffb3763c000 	C:\Windows\SYSTEM32\GLU32.dll
0x00007ffb414c0000 - 0x00007ffb414c6000 	C:\Users\LapStore\AppData\Local\Temp\flatlaf.temp\flatlaf-windows-x86_64-2003465961692000.dll

dbghelp: loaded successfully - version: 4.0.5 - missing functions: none
symbol engine: initialized successfully - sym options: 0x614 - pdb path: .;C:\Program Files\Java\jdk-23\bin;C:\Windows\SYSTEM32;C:\Windows\WinSxS\amd64_microsoft.windows.common-controls_6595b64144ccf1df_6.0.19041.6280_none_60bc30a171f2f3f3;C:\Program Files\Java\jdk-23\bin\server;C:\Users\LapStore\AppData\Local\Temp\flatlaf.temp

VM Arguments:
jvm_args: -Dfile.encoding=UTF-8 --module-path=C:\Users\LapStore\OneDrive\Documents\JavaProject6\build\classes 
java_command: com.library.main.Main
java_class_path (initial): C:\Users\LapStore\Downloads\flatlaf-3.2.5.jar;C:\Users\LapStore\OneDrive\Documents\JavaProject6\build\classes
Launcher Type: SUN_STANDARD

[Global flags]
     intx CICompilerCount                          = 3                                         {product} {ergonomic}
     uint ConcGCThreads                            = 1                                         {product} {ergonomic}
     uint G1ConcRefinementThreads                  = 4                                         {product} {ergonomic}
   size_t G1HeapRegionSize                         = 2097152                                   {product} {ergonomic}
   size_t InitialHeapSize                          = 268435456                                 {product} {ergonomic}
   size_t MarkStackSize                            = 4194304                                   {product} {ergonomic}
   size_t MarkStackSizeMax                         = 536870912                                 {product} {ergonomic}
   size_t MaxHeapSize                              = 4267704320                                {product} {ergonomic}
   size_t MaxNewSize                               = 2560622592                                {product} {ergonomic}
   size_t MinHeapDeltaBytes                        = 2097152                                   {product} {ergonomic}
   size_t MinHeapSize                              = 8388608                                   {product} {ergonomic}
    uintx NonNMethodCodeHeapSize                   = 5832704                                {pd product} {ergonomic}
    uintx NonProfiledCodeHeapSize                  = 122945536                              {pd product} {ergonomic}
    uintx ProfiledCodeHeapSize                     = 122880000                              {pd product} {ergonomic}
    uintx ReservedCodeCacheSize                    = 251658240                              {pd product} {ergonomic}
     bool SegmentedCodeCache                       = true                                      {product} {ergonomic}
   size_t SoftMaxHeapSize                          = 4267704320                             {manageable} {ergonomic}
     bool UseCompressedOops                        = true                           {product lp64_product} {ergonomic}
     bool UseG1GC                                  = true                                      {product} {ergonomic}
     bool UseLargePagesIndividualAllocation        = false                                  {pd product} {ergonomic}

Logging:
Log output configuration:
 #0: stdout all=warning uptime,level,tags foldmultilines=false
 #1: stderr all=off uptime,level,tags foldmultilines=false

Environment Variables:
JAVA_HOME=C:\Users\LapStore\AppData\Local\Programs\Eclipse Adoptium\jdk-25.0.0.36-hotspot\
PATH=C:\Program Files\Common Files\Oracle\Java\javapath;C:\Windows\system32;C:\Windows;C:\Windows\System32\Wbem;C:\Windows\System32\WindowsPowerShell\v1.0\;C:\Windows\System32\OpenSSH\;C:\Program Files\Java\jdk-23.0.2\bin;C:\Program Files\Git\cmd;C:\Program Files\dotnet\;C:\Program Files\cursor\resources\app\bin;C:\Program Files\MySQL\MySQL Shell 8.0\bin\;C:\Users\LapStore\AppData\Local\Programs\Eclipse Adoptium\jdk-25.0.0.36-hotspot\bin;C:\Users\LapStore\AppData\Local\Microsoft\WindowsApps;C:\Users\LapStore\AppData\Local\Programs\Microsoft VS Code\bin;C:\Users\LapStore\AppData\Local\Programs\Microsoft VS Code Insiders\bin;C:\msys64\ucrt64\bin;C:\MinGW\bin;C:\Users\LapStore\AppData\Local\GitHubDesktop\bin;C:\xampp\php;C:\flutter\bin;C:\dartsdk-windows-x64-release (1)\dart-sdk\bin;C:\Users\LapStore\AppData\Local\Android\Sdk\platform-tools;C:\Users\LapStore\Downloads\apache-maven-3.9.11-bin\apache-maven-3.9.11\bin;C:\Users\LapStore\AppData\Local\Programs\Antigravity\bin
USERNAME=LapStore
OS=Windows_NT
PROCESSOR_IDENTIFIER=Intel64 Family 6 Model 94 Stepping 3, GenuineIntel
TMP=C:\Users\LapStore\AppData\Local\Temp
TEMP=C:\Users\LapStore\AppData\Local\Temp




Periodic native trim disabled

---------------  S Y S T E M  ---------------

OS:
 Windows 10 , 64 bit Build 19041 (10.0.19041.5915)
OS uptime: 2 days 7:38 hours
Hyper-V role detected

CPU: total 4 (initial active 4) (4 cores per cpu, 1 threads per core) family 6 model 94 stepping 3 microcode 0xf0, cx8, cmov, fxsr, mmx, 3dnowpref, sse, sse2, sse3, ssse3, sse4.1, sse4.2, popcnt, lzcnt, tsc, tscinvbit, avx, avx2, aes, erms, clmul, bmi1, bmi2, rtm, adx, fma, vzeroupper, clflush, clflushopt, hv, rdtscp, f16c
Processor Information for the first 4 processors :
  Max Mhz: 2600, Current Mhz: 2600, Mhz Limit: 2600

Memory: 4k page, system-wide physical 16275M (5652M free)
TotalPageFile size 28659M (AvailPageFile size 6M)
current process WorkingSet (physical memory assigned to process): 56M, peak: 56M
current process commit charge ("private bytes"): 343M, peak: 343M

vm_info: Java HotSpot(TM) 64-Bit Server VM (23.0.2+7-58) for windows-amd64 JRE (23.0.2+7-58), built on 2024-11-29T09:34:55Z with MS VC++ 17.6 (VS2022)

END.
